arr_empty_test:
0
arr_simple_test:
3
1
2
3
arr_str_test:
3
aa
bb
cc
arr_2d_test:
11
12
21
22
arr_2d_insert_empty_test:
2
arr_struct_test:
0.11
0.12
0.21
0.22
