func_empty:
func_result:
-1
func_param_a:
1
func_param_abc:
1
2
3
func_param_abc_result:
1
2
3
-1
func_str_result:
string
func_struct:
1.1
2.2
