scalar_int_noasign:
scalar_int_asign=-2:
-2
scalar_float_noasign:
scalar_float_asign=-2.2:
-2.2
scalar_str_noasign:
scalar_str_asign="abc"
abc
vec_noasign # [0] [1] [2]:
vec_empty # [0] [1] [2]:
vec_asign # [0] [1] [2]:
1
2
3
arr_noasign #:
arr_empty #:
0
arr_asign # [0] [1] [2]:
3
1
2
3
