vec_noasign_test:
0
0
0
vec_noalloc_test:
vec_asign_test:
1
2
3
